Copyright 1986-2016 Xilinx, Inc. All Rights Reserved.
------------------------------------------------------------------------------------
| Tool Version : Vivado v.2016.1 (lin64) Build 1538259 Fri Apr  8 15:45:23 MDT 2016
| Date         : Sat Apr 12 20:03:50 2025
| Host         : jonas-ThinkPad-X13-Yoga-Gen-4 running 64-bit Linux Mint 21.3
| Command      : report_drc -file sensor_actuator_emulator_wrapper_drc_opted.rpt
| Design       : sensor_actuator_emulator_wrapper
| Device       : xc7z010clg400-1
| Speed File   : -1
------------------------------------------------------------------------------------

Report DRC

Table of Contents
-----------------
1. REPORT SUMMARY
2. REPORT DETAILS

1. REPORT SUMMARY
-----------------
            Netlist: netlist
          Floorplan: design_1
      Design limits: <entire design considered>
           Ruledeck: default
             Max violations: <unlimited>
             Violations found: 5

2. REPORT DETAILS
-----------------
IOSR-1#1 Warning
IOB set reset sharing  
IO scl_io connects to flops which have these sensor_actuator_emulator_i/imu_sensor_0/U0/imu_sensor_v1_0_S00_AXI_inst/i_imu_sensor_imu_sensor/gen_i2c.u_imu_sensor_i2cSlave/rstSyncToClk, sensor_actuator_emulator_i/imu_sensor_1/U0/imu_sensor_v1_0_S00_AXI_inst/i_imu_sensor_imu_sensor/gen_i2c.u_imu_sensor_i2cSlave/rstSyncToClk set/reset signals.  For optimal IOB flop packing there should be only one set/reset signal coming into the IOB.
Related violations: <none>

IOSR-1#2 Warning
IOB set reset sharing  
IO sda_io connects to flops which have these sensor_actuator_emulator_i/imu_sensor_0/U0/imu_sensor_v1_0_S00_AXI_inst/i_imu_sensor_imu_sensor/gen_i2c.u_imu_sensor_i2cSlave/rstSyncToClk, sensor_actuator_emulator_i/imu_sensor_1/U0/imu_sensor_v1_0_S00_AXI_inst/i_imu_sensor_imu_sensor/gen_i2c.u_imu_sensor_i2cSlave/rstSyncToClk set/reset signals.  For optimal IOB flop packing there should be only one set/reset signal coming into the IOB.
Related violations: <none>

PLIO-7#1 Warning
Placement Constraints Check for IO constraints  
An IO Bus FIXED_IO_mio[53:0] with more than one IO standard is found. Components associated with this bus are: HSTL_I_18 (FIXED_IO_mio[27], FIXED_IO_mio[26], FIXED_IO_mio[25], FIXED_IO_mio[24], FIXED_IO_mio[23], FIXED_IO_mio[22], FIXED_IO_mio[21], FIXED_IO_mio[20], FIXED_IO_mio[19], FIXED_IO_mio[18], FIXED_IO_mio[17], FIXED_IO_mio[16]); LVCMOS18 (FIXED_IO_mio[53], FIXED_IO_mio[52], FIXED_IO_mio[51], FIXED_IO_mio[50], FIXED_IO_mio[49], FIXED_IO_mio[48], FIXED_IO_mio[47], FIXED_IO_mio[46], FIXED_IO_mio[45], FIXED_IO_mio[44], FIXED_IO_mio[43], FIXED_IO_mio[42], FIXED_IO_mio[41], FIXED_IO_mio[40], FIXED_IO_mio[39] (the first 15 of 26 listed)); LVCMOS33 (FIXED_IO_mio[15], FIXED_IO_mio[14], FIXED_IO_mio[13], FIXED_IO_mio[12], FIXED_IO_mio[11], FIXED_IO_mio[10], FIXED_IO_mio[9], FIXED_IO_mio[8], FIXED_IO_mio[7], FIXED_IO_mio[6], FIXED_IO_mio[5], FIXED_IO_mio[4], FIXED_IO_mio[3], FIXED_IO_mio[2], FIXED_IO_mio[1] (the first 15 of 16 listed)); 
Related violations: <none>

REQP-1617#1 Warning
use_IOB_register  
The FDRE cell sensor_actuator_emulator_i/axi_quad_spi_0/U0/IO1_I_REG has IOB set to TRUE, but does not connect directly to an IO cell. Remove the constraint or ensure the FDRE is property connected to an IO.
Related violations: <none>

REQP-1617#2 Warning
use_IOB_register  
The FDRE cell sensor_actuator_emulator_i/axi_quad_spi_0/U0/QSPI_LEGACY_MD_GEN.QSPI_CORE_INTERFACE_I/LOGIC_FOR_MD_0_GEN.SPI_MODULE_I/RATIO_NOT_EQUAL_4_GENERATE.SCK_O_NQ_4_NO_STARTUP_USED.SCK_O_NE_4_FDRE_INST has IOB set to TRUE, but does not connect directly to an IO cell. Remove the constraint or ensure the FDRE is property connected to an IO.
Related violations: <none>


